2026-03-13 07:40:42,546 | INFO | ===== CONDITION-3 PHASE-6 ENGINE STARTED =====
2026-03-13 07:41:02,643 | WARNING | Warning UserWarning at run_phase9_engine.py:588: Parsing dates in %Y-%m-%d %H:%M:%S format when dayfirst=True was specified. Pass `dayfirst=False` or specify a format to silence this warning.
2026-03-13 07:41:02,660 | INFO | CONTROL STATE | ddb_status=NORMAL ddb_cap=None | prev_status=NORMAL prev_cap=None | control_changed=False
2026-03-13 07:41:02,661 | INFO | ENGINE START @ BLOCK 31
2026-03-13 07:41:02,662 | INFO | ENGINE ITERATION @ BLOCK 31
2026-03-13 07:41:02,665 | INFO | Dynamic start schedule created
2026-03-13 07:41:03,085 | INFO | Schedule generated: outputs\SIRMOUR\2026-03-13\schedule_from_31.csv
2026-03-13 07:41:03,086 | INFO | Schedule metadata generated: outputs\SIRMOUR\2026-03-13\schedule_from_31.meta.json
2026-03-13 07:41:06,049 | INFO | Schedule graph generated
2026-03-13 07:41:06,049 | INFO | ===== CONDITION-3 PHASE-6 ENGINE COMPLETED =====
2026-03-13 07:41:06,055 | WARNING | submitted.csv not found at data\SIRMOUR\active\submitted.csv; Vedanjay_Schedule will be empty
2026-03-13 07:41:06,059 | ERROR | Failed to generate Combined CSV
Traceback (most recent call last):
  File "D:\Vedanjay Power\March\Changed code\global1\run_phase9_engine.py", line 1427, in <module>
    combined_dir.mkdir(exist_ok=True)
    ~~~~~~~~~~~~~~~~~~^^^^^^^^^^^^^^^
  File "D:\Anaconda\envs\py314\Lib\pathlib\__init__.py", line 1011, in mkdir
    os.mkdir(self, mode)
    ~~~~~~~~^^^^^^^^^^^^
FileNotFoundError: [WinError 3] The system cannot find the path specified: 'Combined\\SIRMOUR'
2026-03-13 07:50:03,104 | INFO | ===== CONDITION-3 PHASE-6 ENGINE STARTED =====
2026-03-13 07:50:15,419 | WARNING | Warning UserWarning at run_phase9_engine.py:588: Parsing dates in %Y-%m-%d %H:%M:%S format when dayfirst=True was specified. Pass `dayfirst=False` or specify a format to silence this warning.
2026-03-13 07:50:15,433 | INFO | CONTROL STATE | ddb_status=NORMAL ddb_cap=None | prev_status=NORMAL prev_cap=None | control_changed=False
2026-03-13 07:50:15,435 | INFO | ENGINE START @ BLOCK 32
2026-03-13 07:50:15,435 | INFO | ENGINE ITERATION @ BLOCK 32
2026-03-13 07:50:15,446 | INFO | No abrupt weather event. Continuing existing schedule.
2026-03-13 07:50:15,448 | INFO | ===== CONDITION-3 PHASE-6 ENGINE COMPLETED =====
2026-03-13 08:05:02,838 | INFO | ===== CONDITION-3 PHASE-6 ENGINE STARTED =====
2026-03-13 08:05:15,875 | WARNING | Warning UserWarning at run_phase9_engine.py:588: Parsing dates in %Y-%m-%d %H:%M:%S format when dayfirst=True was specified. Pass `dayfirst=False` or specify a format to silence this warning.
2026-03-13 08:05:15,888 | INFO | CONTROL STATE | ddb_status=NORMAL ddb_cap=None | prev_status=NORMAL prev_cap=None | control_changed=False
2026-03-13 08:05:15,890 | INFO | ENGINE START @ BLOCK 33
2026-03-13 08:05:15,891 | INFO | ENGINE ITERATION @ BLOCK 33
2026-03-13 08:05:15,897 | INFO | Abrupt weather schedule regenerated
2026-03-13 08:05:16,454 | INFO | Update rejected by acceptance filter: maxdiff=0.146 < ACCEPTANCE_MW=0.300
2026-03-13 08:05:16,455 | INFO | Keeping previous schedule: outputs\SIRMOUR\2026-03-13\schedule_from_31.csv
2026-03-13 08:05:16,455 | INFO | ===== CONDITION-3 PHASE-6 ENGINE COMPLETED =====
2026-03-13 08:05:16,463 | WARNING | submitted.csv not found at data\SIRMOUR\active\submitted.csv; Vedanjay_Schedule will be empty
2026-03-13 08:05:16,476 | INFO | Combined CSV generated: Combined\SIRMOUR\2026-03-13.csv
2026-03-13 08:20:01,369 | INFO | ===== CONDITION-3 PHASE-6 ENGINE STARTED =====
2026-03-13 08:20:13,182 | WARNING | Warning UserWarning at run_phase9_engine.py:588: Parsing dates in %Y-%m-%d %H:%M:%S format when dayfirst=True was specified. Pass `dayfirst=False` or specify a format to silence this warning.
2026-03-13 08:20:13,211 | INFO | CONTROL STATE | ddb_status=NORMAL ddb_cap=None | prev_status=NORMAL prev_cap=None | control_changed=False
2026-03-13 08:20:13,212 | INFO | ENGINE START @ BLOCK 34
2026-03-13 08:20:13,213 | INFO | ENGINE ITERATION @ BLOCK 34
2026-03-13 08:20:13,216 | INFO | Abrupt regen locked until block 35; suppressing for block 34
2026-03-13 08:20:13,216 | INFO | No abrupt weather event. Continuing existing schedule.
2026-03-13 08:20:13,217 | INFO | ===== CONDITION-3 PHASE-6 ENGINE COMPLETED =====
2026-03-13 08:35:01,658 | INFO | ===== CONDITION-3 PHASE-6 ENGINE STARTED =====
2026-03-13 08:35:16,494 | WARNING | Warning UserWarning at run_phase9_engine.py:588: Parsing dates in %Y-%m-%d %H:%M:%S format when dayfirst=True was specified. Pass `dayfirst=False` or specify a format to silence this warning.
2026-03-13 08:35:16,503 | INFO | CONTROL STATE | ddb_status=NORMAL ddb_cap=None | prev_status=NORMAL prev_cap=None | control_changed=False
2026-03-13 08:35:16,504 | INFO | ENGINE START @ BLOCK 35
2026-03-13 08:35:16,505 | INFO | ENGINE ITERATION @ BLOCK 35
2026-03-13 08:35:16,509 | INFO | Abrupt regen locked until block 35; suppressing for block 35
2026-03-13 08:35:16,510 | INFO | No abrupt weather event. Continuing existing schedule.
2026-03-13 08:35:16,510 | INFO | ===== CONDITION-3 PHASE-6 ENGINE COMPLETED =====
2026-03-13 08:50:04,942 | INFO | ===== CONDITION-3 PHASE-6 ENGINE STARTED =====
2026-03-13 08:50:20,330 | WARNING | Warning UserWarning at run_phase9_engine.py:588: Parsing dates in %Y-%m-%d %H:%M:%S format when dayfirst=True was specified. Pass `dayfirst=False` or specify a format to silence this warning.
2026-03-13 08:50:20,340 | INFO | CONTROL STATE | ddb_status=NORMAL ddb_cap=None | prev_status=NORMAL prev_cap=None | control_changed=False
2026-03-13 08:50:20,342 | INFO | ENGINE START @ BLOCK 36
2026-03-13 08:50:20,342 | INFO | ENGINE ITERATION @ BLOCK 36
2026-03-13 08:50:20,348 | INFO | Abrupt weather schedule regenerated
2026-03-13 08:50:20,921 | INFO | Schedule generated: outputs\SIRMOUR\2026-03-13\schedule_from_36.csv
2026-03-13 08:50:20,923 | INFO | Schedule metadata generated: outputs\SIRMOUR\2026-03-13\schedule_from_36.meta.json
2026-03-13 08:50:21,452 | INFO | Schedule graph generated
2026-03-13 08:50:21,453 | INFO | ===== CONDITION-3 PHASE-6 ENGINE COMPLETED =====
2026-03-13 08:50:21,466 | WARNING | submitted.csv not found at data\SIRMOUR\active\submitted.csv; Vedanjay_Schedule will be empty
2026-03-13 08:50:21,475 | INFO | Combined CSV generated: Combined\SIRMOUR\2026-03-13.csv
2026-03-13 09:05:02,972 | INFO | ===== CONDITION-3 PHASE-6 ENGINE STARTED =====
2026-03-13 09:05:14,909 | WARNING | Warning UserWarning at run_phase9_engine.py:588: Parsing dates in %Y-%m-%d %H:%M:%S format when dayfirst=True was specified. Pass `dayfirst=False` or specify a format to silence this warning.
2026-03-13 09:05:14,933 | INFO | CONTROL STATE | ddb_status=NORMAL ddb_cap=None | prev_status=NORMAL prev_cap=None | control_changed=False
2026-03-13 09:05:14,934 | INFO | ENGINE START @ BLOCK 37
2026-03-13 09:05:14,935 | INFO | ENGINE ITERATION @ BLOCK 37
2026-03-13 09:05:14,939 | INFO | Abrupt regen locked until block 38; suppressing for block 37
2026-03-13 09:05:14,940 | INFO | No abrupt weather event. Continuing existing schedule.
2026-03-13 09:05:14,941 | INFO | ===== CONDITION-3 PHASE-6 ENGINE COMPLETED =====
2026-03-13 09:20:02,206 | INFO | ===== CONDITION-3 PHASE-6 ENGINE STARTED =====
2026-03-13 09:20:14,572 | WARNING | Warning UserWarning at run_phase9_engine.py:588: Parsing dates in %Y-%m-%d %H:%M:%S format when dayfirst=True was specified. Pass `dayfirst=False` or specify a format to silence this warning.
2026-03-13 09:20:14,594 | INFO | CONTROL STATE | ddb_status=NORMAL ddb_cap=None | prev_status=NORMAL prev_cap=None | control_changed=False
2026-03-13 09:20:14,596 | INFO | ENGINE START @ BLOCK 38
2026-03-13 09:20:14,596 | INFO | ENGINE ITERATION @ BLOCK 38
2026-03-13 09:20:14,602 | INFO | Abrupt regen locked until block 38; suppressing for block 38
2026-03-13 09:20:14,603 | INFO | No abrupt weather event. Continuing existing schedule.
2026-03-13 09:20:14,603 | INFO | ===== CONDITION-3 PHASE-6 ENGINE COMPLETED =====
2026-03-13 10:05:13,544 | INFO | ===== CONDITION-3 PHASE-6 ENGINE STARTED =====
2026-03-13 10:05:28,020 | WARNING | Warning UserWarning at run_phase9_engine.py:588: Parsing dates in %Y-%m-%d %H:%M:%S format when dayfirst=True was specified. Pass `dayfirst=False` or specify a format to silence this warning.
2026-03-13 10:05:28,031 | INFO | CONTROL STATE | ddb_status=NORMAL ddb_cap=None | prev_status=NORMAL prev_cap=None | control_changed=False
2026-03-13 10:05:28,034 | INFO | ENGINE START @ BLOCK 41
2026-03-13 10:05:28,034 | INFO | ENGINE ITERATION @ BLOCK 41
2026-03-13 10:05:28,040 | INFO | No abrupt weather event. Continuing existing schedule.
2026-03-13 10:05:28,040 | INFO | ===== CONDITION-3 PHASE-6 ENGINE COMPLETED =====
2026-03-13 10:20:02,124 | INFO | ===== CONDITION-3 PHASE-6 ENGINE STARTED =====
2026-03-13 10:20:17,482 | WARNING | Warning UserWarning at run_phase9_engine.py:588: Parsing dates in %Y-%m-%d %H:%M:%S format when dayfirst=True was specified. Pass `dayfirst=False` or specify a format to silence this warning.
2026-03-13 10:20:17,493 | INFO | CONTROL STATE | ddb_status=NORMAL ddb_cap=None | prev_status=NORMAL prev_cap=None | control_changed=False
2026-03-13 10:20:17,494 | INFO | ENGINE START @ BLOCK 42
2026-03-13 10:20:17,494 | INFO | ENGINE ITERATION @ BLOCK 42
2026-03-13 10:20:17,499 | INFO | No abrupt weather event. Continuing existing schedule.
2026-03-13 10:20:17,500 | INFO | ===== CONDITION-3 PHASE-6 ENGINE COMPLETED =====
2026-03-13 10:35:01,201 | INFO | ===== CONDITION-3 PHASE-6 ENGINE STARTED =====
2026-03-13 10:35:14,870 | WARNING | Warning UserWarning at run_phase9_engine.py:588: Parsing dates in %Y-%m-%d %H:%M:%S format when dayfirst=True was specified. Pass `dayfirst=False` or specify a format to silence this warning.
2026-03-13 10:35:14,893 | INFO | CONTROL STATE | ddb_status=NORMAL ddb_cap=None | prev_status=NORMAL prev_cap=None | control_changed=False
2026-03-13 10:35:14,894 | INFO | ENGINE START @ BLOCK 43
2026-03-13 10:35:14,895 | INFO | ENGINE ITERATION @ BLOCK 43
2026-03-13 10:35:14,899 | INFO | No abrupt weather event. Continuing existing schedule.
2026-03-13 10:35:14,899 | INFO | ===== CONDITION-3 PHASE-6 ENGINE COMPLETED =====
2026-03-25 08:05:10,064 | INFO | ===== CONDITION-3 PHASE-6 ENGINE STARTED =====
2026-03-25 08:05:25,821 | WARNING | Warning UserWarning at run_phase9_engine.py:673: Parsing dates in %Y-%m-%d %H:%M:%S format when dayfirst=True was specified. Pass `dayfirst=False` or specify a format to silence this warning.
2026-03-25 08:05:25,832 | INFO | CONTROL STATE | ddb_status=NORMAL ddb_cap=None | prev_status=NORMAL prev_cap=None | control_changed=False
2026-03-25 08:05:25,833 | INFO | ENGINE START @ BLOCK 33
2026-03-25 08:05:25,833 | INFO | ENGINE ITERATION @ BLOCK 33
2026-03-25 08:05:25,839 | INFO | Dynamic start schedule created
2026-03-25 08:05:25,839 | INFO | Dynamic start threshold passed (T,T-1 pair): meter[T]=0.890, meter[T-1]=0.496, meter[T-2]=0.707, threshold=0.120
2026-03-25 08:05:26,263 | INFO | Schedule generated: outputs\SIRMOUR\2026-03-25\schedule_from_33.csv
2026-03-25 08:05:26,265 | INFO | Schedule metadata generated: outputs\SIRMOUR\2026-03-25\schedule_from_33.meta.json
2026-03-25 08:05:30,787 | INFO | Schedule graph generated
2026-03-25 08:05:30,788 | INFO | ===== CONDITION-3 PHASE-6 ENGINE COMPLETED =====
2026-03-25 08:05:30,797 | WARNING | submitted.csv not found at data\SIRMOUR\active\submitted.csv; Vedanjay_Schedule will be empty
2026-03-25 08:05:30,802 | INFO | Combined CSV generated: Combined\SIRMOUR\2026-03-25.csv
2026-03-25 08:20:01,872 | INFO | ===== CONDITION-3 PHASE-6 ENGINE STARTED =====
2026-03-25 08:20:12,676 | WARNING | Warning UserWarning at run_phase9_engine.py:673: Parsing dates in %Y-%m-%d %H:%M:%S format when dayfirst=True was specified. Pass `dayfirst=False` or specify a format to silence this warning.
2026-03-25 08:20:12,700 | INFO | CONTROL STATE | ddb_status=NORMAL ddb_cap=None | prev_status=NORMAL prev_cap=None | control_changed=False
2026-03-25 08:20:12,701 | INFO | ENGINE START @ BLOCK 34
2026-03-25 08:20:12,702 | INFO | ENGINE ITERATION @ BLOCK 34
2026-03-25 08:20:12,709 | INFO | Abrupt weather schedule regenerated
2026-03-25 08:20:12,966 | INFO | Update rejected by acceptance filter: maxdiff=0.055 < ACCEPTANCE_MW=0.300
2026-03-25 08:20:12,966 | INFO | Keeping previous schedule: outputs\SIRMOUR\2026-03-25\schedule_from_33.csv
2026-03-25 08:20:12,967 | INFO | ===== CONDITION-3 PHASE-6 ENGINE COMPLETED =====
2026-03-25 08:20:12,974 | WARNING | submitted.csv not found at data\SIRMOUR\active\submitted.csv; Vedanjay_Schedule will be empty
2026-03-25 08:20:12,978 | INFO | Combined CSV generated: Combined\SIRMOUR\2026-03-25.csv
2026-03-25 08:35:02,399 | INFO | ===== CONDITION-3 PHASE-6 ENGINE STARTED =====
2026-03-25 08:35:14,468 | WARNING | Warning UserWarning at run_phase9_engine.py:673: Parsing dates in %Y-%m-%d %H:%M:%S format when dayfirst=True was specified. Pass `dayfirst=False` or specify a format to silence this warning.
2026-03-25 08:35:14,513 | INFO | CONTROL STATE | ddb_status=NORMAL ddb_cap=None | prev_status=NORMAL prev_cap=None | control_changed=False
2026-03-25 08:35:14,518 | INFO | ENGINE START @ BLOCK 35
2026-03-25 08:35:14,519 | INFO | ENGINE ITERATION @ BLOCK 35
2026-03-25 08:35:14,538 | INFO | Abrupt regen locked until block 36; suppressing for block 35
2026-03-25 08:35:14,539 | INFO | No abrupt weather event. Continuing existing schedule.
2026-03-25 08:35:14,540 | INFO | ===== CONDITION-3 PHASE-6 ENGINE COMPLETED =====
2026-03-25 08:50:01,891 | INFO | ===== CONDITION-3 PHASE-6 ENGINE STARTED =====
2026-03-25 08:50:14,246 | WARNING | Warning UserWarning at run_phase9_engine.py:673: Parsing dates in %Y-%m-%d %H:%M:%S format when dayfirst=True was specified. Pass `dayfirst=False` or specify a format to silence this warning.
2026-03-25 08:50:14,281 | INFO | CONTROL STATE | ddb_status=NORMAL ddb_cap=None | prev_status=NORMAL prev_cap=None | control_changed=False
2026-03-25 08:50:14,283 | INFO | ENGINE START @ BLOCK 36
2026-03-25 08:50:14,284 | INFO | ENGINE ITERATION @ BLOCK 36
2026-03-25 08:50:14,293 | INFO | Abrupt regen locked until block 36; suppressing for block 36
2026-03-25 08:50:14,293 | INFO | No abrupt weather event. Continuing existing schedule.
2026-03-25 08:50:14,293 | INFO | ===== CONDITION-3 PHASE-6 ENGINE COMPLETED =====
2026-03-25 09:05:01,884 | INFO | ===== CONDITION-3 PHASE-6 ENGINE STARTED =====
2026-03-25 09:05:14,010 | WARNING | Warning UserWarning at run_phase9_engine.py:673: Parsing dates in %Y-%m-%d %H:%M:%S format when dayfirst=True was specified. Pass `dayfirst=False` or specify a format to silence this warning.
2026-03-25 09:05:14,023 | INFO | CONTROL STATE | ddb_status=NORMAL ddb_cap=None | prev_status=NORMAL prev_cap=None | control_changed=False
2026-03-25 09:05:14,027 | INFO | ENGINE START @ BLOCK 37
2026-03-25 09:05:14,028 | INFO | ENGINE ITERATION @ BLOCK 37
2026-03-25 09:05:14,046 | INFO | Abrupt weather schedule regenerated
2026-03-25 09:05:14,797 | INFO | Update rejected by acceptance filter: maxdiff=0.284 < ACCEPTANCE_MW=0.300
2026-03-25 09:05:14,798 | INFO | Keeping previous schedule: outputs\SIRMOUR\2026-03-25\schedule_from_33.csv
2026-03-25 09:05:14,799 | INFO | ===== CONDITION-3 PHASE-6 ENGINE COMPLETED =====
2026-03-25 09:05:14,808 | WARNING | submitted.csv not found at data\SIRMOUR\active\submitted.csv; Vedanjay_Schedule will be empty
2026-03-25 09:05:14,818 | INFO | Combined CSV generated: Combined\SIRMOUR\2026-03-25.csv
2026-03-25 09:20:01,997 | INFO | ===== CONDITION-3 PHASE-6 ENGINE STARTED =====
2026-03-25 09:20:14,857 | WARNING | Warning UserWarning at run_phase9_engine.py:673: Parsing dates in %Y-%m-%d %H:%M:%S format when dayfirst=True was specified. Pass `dayfirst=False` or specify a format to silence this warning.
2026-03-25 09:20:14,893 | INFO | CONTROL STATE | ddb_status=NORMAL ddb_cap=None | prev_status=NORMAL prev_cap=None | control_changed=False
2026-03-25 09:20:14,897 | INFO | ENGINE START @ BLOCK 38
2026-03-25 09:20:14,898 | INFO | ENGINE ITERATION @ BLOCK 38
2026-03-25 09:20:14,919 | INFO | Abrupt regen locked until block 39; suppressing for block 38
2026-03-25 09:20:14,921 | INFO | No abrupt weather event. Continuing existing schedule.
2026-03-25 09:20:14,922 | INFO | ===== CONDITION-3 PHASE-6 ENGINE COMPLETED =====
2026-03-25 10:20:01,768 | INFO | ===== CONDITION-3 PHASE-6 ENGINE STARTED =====
2026-03-25 10:20:19,189 | WARNING | Warning UserWarning at run_phase9_engine.py:673: Parsing dates in %Y-%m-%d %H:%M:%S format when dayfirst=True was specified. Pass `dayfirst=False` or specify a format to silence this warning.
2026-03-25 10:20:19,213 | INFO | CONTROL STATE | ddb_status=NORMAL ddb_cap=None | prev_status=NORMAL prev_cap=None | control_changed=False
2026-03-25 10:20:19,217 | INFO | ENGINE START @ BLOCK 42
2026-03-25 10:20:19,218 | INFO | ENGINE ITERATION @ BLOCK 42
2026-03-25 10:20:19,229 | INFO | No abrupt weather event. Continuing existing schedule.
2026-03-25 10:20:19,229 | INFO | ===== CONDITION-3 PHASE-6 ENGINE COMPLETED =====
2026-03-25 10:35:01,769 | INFO | ===== CONDITION-3 PHASE-6 ENGINE STARTED =====
2026-03-25 10:35:19,055 | WARNING | Warning UserWarning at run_phase9_engine.py:673: Parsing dates in %Y-%m-%d %H:%M:%S format when dayfirst=True was specified. Pass `dayfirst=False` or specify a format to silence this warning.
2026-03-25 10:35:19,089 | INFO | CONTROL STATE | ddb_status=NORMAL ddb_cap=None | prev_status=NORMAL prev_cap=None | control_changed=False
2026-03-25 10:35:19,091 | INFO | ENGINE START @ BLOCK 43
2026-03-25 10:35:19,092 | INFO | ENGINE ITERATION @ BLOCK 43
2026-03-25 10:35:19,104 | INFO | No abrupt weather event. Continuing existing schedule.
2026-03-25 10:35:19,104 | INFO | ===== CONDITION-3 PHASE-6 ENGINE COMPLETED =====
2026-03-25 10:50:01,753 | INFO | ===== CONDITION-3 PHASE-6 ENGINE STARTED =====
2026-03-25 10:50:25,828 | WARNING | Warning UserWarning at run_phase9_engine.py:673: Parsing dates in %Y-%m-%d %H:%M:%S format when dayfirst=True was specified. Pass `dayfirst=False` or specify a format to silence this warning.
2026-03-25 10:50:25,853 | INFO | CONTROL STATE | ddb_status=NORMAL ddb_cap=None | prev_status=NORMAL prev_cap=None | control_changed=False
2026-03-25 10:50:25,856 | INFO | ENGINE START @ BLOCK 44
2026-03-25 10:50:25,857 | INFO | ENGINE ITERATION @ BLOCK 44
2026-03-25 10:50:25,870 | INFO | No abrupt weather event. Continuing existing schedule.
2026-03-25 10:50:25,871 | INFO | ===== CONDITION-3 PHASE-6 ENGINE COMPLETED =====
2026-03-25 11:50:06,270 | INFO | ===== CONDITION-3 PHASE-6 ENGINE STARTED =====
2026-03-25 11:50:28,204 | WARNING | Warning UserWarning at run_phase9_engine.py:673: Parsing dates in %Y-%m-%d %H:%M:%S format when dayfirst=True was specified. Pass `dayfirst=False` or specify a format to silence this warning.
2026-03-25 11:50:28,265 | INFO | CONTROL STATE | ddb_status=NORMAL ddb_cap=None | prev_status=NORMAL prev_cap=None | control_changed=False
2026-03-25 11:50:28,269 | INFO | ENGINE START @ BLOCK 48
2026-03-25 11:50:28,270 | INFO | ENGINE ITERATION @ BLOCK 48
2026-03-25 11:50:28,282 | INFO | No abrupt weather event. Continuing existing schedule.
2026-03-25 11:50:28,284 | INFO | ===== CONDITION-3 PHASE-6 ENGINE COMPLETED =====
