2026-03-25 07:55:38,143 | INFO | ===== CONTINUOUS 15-MIN SCHEDULER STARTED =====
2026-03-25 07:55:38,144 | INFO | Config | block=15 min, offset=5 min, tolerance=1 min, tz=Asia/Kolkata
2026-03-25 07:55:38,144 | INFO | Sites configured for continuous run: GSNP
2026-03-25 07:55:38,145 | INFO | Now=2026-03-25T07:55:38.144663+05:30 | CurrentBlock=2026-03-25T07:45:00+05:30 | OffsetDeadline=2026-03-25T07:50:00+05:30 | Decision=WAIT_NEXT_BLOCK_OFFSET | TargetBlock=2026-03-25T08:00:00+05:30 | TargetRun=2026-03-25T08:05:00+05:30 | TargetEnd=2026-03-25T08:15:00+05:30 | TargetEndWithTolerance=2026-03-25T08:16:00+05:30
2026-03-25 08:05:00,000 | INFO | Executing pipeline for block 2026-03-25T08:00
2026-03-25 08:05:23,785 | INFO | Pipeline completed for block 2026-03-25T08:00 | site=GSNP
2026-03-25 08:05:23,786 | INFO | All site runs completed for block 2026-03-25T08:00
2026-03-25 08:05:23,786 | INFO | Execution ended | Now=2026-03-25T08:05:23.786618+05:30 | BlockEnd=2026-03-25T08:15:00+05:30 | BlockEndWithTolerance=2026-03-25T08:16:00+05:30
2026-03-25 08:05:23,787 | INFO | Returning to runner loop
2026-03-25 08:20:00,001 | INFO | Within tolerance window (now=2026-03-25T08:20:00.000680+05:30, offset_deadline=2026-03-25T08:20:00+05:30, tolerance=1 min, current_block=2026-03-25T08:15:00+05:30, target_block=2026-03-25T08:15:00+05:30); running current block
2026-03-25 08:20:00,003 | INFO | Now=2026-03-25T08:20:00.000680+05:30 | CurrentBlock=2026-03-25T08:15:00+05:30 | OffsetDeadline=2026-03-25T08:20:00+05:30 | Decision=WAIT_CURRENT_BLOCK_OFFSET | TargetBlock=2026-03-25T08:15:00+05:30 | TargetRun=2026-03-25T08:20:00+05:30 | TargetEnd=2026-03-25T08:30:00+05:30 | TargetEndWithTolerance=2026-03-25T08:31:00+05:30
2026-03-25 08:20:00,004 | INFO | Executing pipeline for block 2026-03-25T08:15
2026-03-25 08:20:06,804 | INFO | Pipeline completed for block 2026-03-25T08:15 | site=GSNP
2026-03-25 08:20:06,804 | INFO | All site runs completed for block 2026-03-25T08:15
2026-03-25 08:20:06,805 | INFO | Execution ended | Now=2026-03-25T08:20:06.805146+05:30 | BlockEnd=2026-03-25T08:30:00+05:30 | BlockEndWithTolerance=2026-03-25T08:31:00+05:30
2026-03-25 08:20:06,805 | INFO | Returning to runner loop
2026-03-25 08:35:00,090 | INFO | Within tolerance window (now=2026-03-25T08:35:00.009996+05:30, offset_deadline=2026-03-25T08:35:00+05:30, tolerance=1 min, current_block=2026-03-25T08:30:00+05:30, target_block=2026-03-25T08:30:00+05:30); running current block
2026-03-25 08:35:00,114 | INFO | Now=2026-03-25T08:35:00.009996+05:30 | CurrentBlock=2026-03-25T08:30:00+05:30 | OffsetDeadline=2026-03-25T08:35:00+05:30 | Decision=WAIT_CURRENT_BLOCK_OFFSET | TargetBlock=2026-03-25T08:30:00+05:30 | TargetRun=2026-03-25T08:35:00+05:30 | TargetEnd=2026-03-25T08:45:00+05:30 | TargetEndWithTolerance=2026-03-25T08:46:00+05:30
2026-03-25 08:35:00,116 | INFO | Executing pipeline for block 2026-03-25T08:30
2026-03-25 08:35:08,136 | INFO | Pipeline completed for block 2026-03-25T08:30 | site=GSNP
2026-03-25 08:35:08,137 | INFO | All site runs completed for block 2026-03-25T08:30
2026-03-25 08:35:08,138 | INFO | Execution ended | Now=2026-03-25T08:35:08.138645+05:30 | BlockEnd=2026-03-25T08:45:00+05:30 | BlockEndWithTolerance=2026-03-25T08:46:00+05:30
2026-03-25 08:35:08,139 | INFO | Returning to runner loop
2026-03-25 08:50:00,003 | INFO | Within tolerance window (now=2026-03-25T08:50:00.000659+05:30, offset_deadline=2026-03-25T08:50:00+05:30, tolerance=1 min, current_block=2026-03-25T08:45:00+05:30, target_block=2026-03-25T08:45:00+05:30); running current block
2026-03-25 08:50:00,008 | INFO | Now=2026-03-25T08:50:00.000659+05:30 | CurrentBlock=2026-03-25T08:45:00+05:30 | OffsetDeadline=2026-03-25T08:50:00+05:30 | Decision=WAIT_CURRENT_BLOCK_OFFSET | TargetBlock=2026-03-25T08:45:00+05:30 | TargetRun=2026-03-25T08:50:00+05:30 | TargetEnd=2026-03-25T09:00:00+05:30 | TargetEndWithTolerance=2026-03-25T09:01:00+05:30
2026-03-25 08:50:00,011 | INFO | Executing pipeline for block 2026-03-25T08:45
2026-03-25 08:50:06,080 | INFO | Pipeline completed for block 2026-03-25T08:45 | site=GSNP
2026-03-25 08:50:06,081 | INFO | All site runs completed for block 2026-03-25T08:45
2026-03-25 08:50:06,081 | INFO | Execution ended | Now=2026-03-25T08:50:06.081538+05:30 | BlockEnd=2026-03-25T09:00:00+05:30 | BlockEndWithTolerance=2026-03-25T09:01:00+05:30
2026-03-25 08:50:06,081 | INFO | Returning to runner loop
2026-03-25 09:05:00,020 | INFO | Within tolerance window (now=2026-03-25T09:05:00.000729+05:30, offset_deadline=2026-03-25T09:05:00+05:30, tolerance=1 min, current_block=2026-03-25T09:00:00+05:30, target_block=2026-03-25T09:00:00+05:30); running current block
2026-03-25 09:05:00,040 | INFO | Now=2026-03-25T09:05:00.000729+05:30 | CurrentBlock=2026-03-25T09:00:00+05:30 | OffsetDeadline=2026-03-25T09:05:00+05:30 | Decision=WAIT_CURRENT_BLOCK_OFFSET | TargetBlock=2026-03-25T09:00:00+05:30 | TargetRun=2026-03-25T09:05:00+05:30 | TargetEnd=2026-03-25T09:15:00+05:30 | TargetEndWithTolerance=2026-03-25T09:16:00+05:30
2026-03-25 09:05:00,045 | INFO | Executing pipeline for block 2026-03-25T09:00
2026-03-25 09:05:07,367 | INFO | Pipeline completed for block 2026-03-25T09:00 | site=GSNP
2026-03-25 09:05:07,368 | INFO | All site runs completed for block 2026-03-25T09:00
2026-03-25 09:05:07,368 | INFO | Execution ended | Now=2026-03-25T09:05:07.368744+05:30 | BlockEnd=2026-03-25T09:15:00+05:30 | BlockEndWithTolerance=2026-03-25T09:16:00+05:30
2026-03-25 09:05:07,369 | INFO | Returning to runner loop
2026-03-25 09:20:00,011 | INFO | Within tolerance window (now=2026-03-25T09:20:00.001390+05:30, offset_deadline=2026-03-25T09:20:00+05:30, tolerance=1 min, current_block=2026-03-25T09:15:00+05:30, target_block=2026-03-25T09:15:00+05:30); running current block
2026-03-25 09:20:00,014 | INFO | Now=2026-03-25T09:20:00.001390+05:30 | CurrentBlock=2026-03-25T09:15:00+05:30 | OffsetDeadline=2026-03-25T09:20:00+05:30 | Decision=WAIT_CURRENT_BLOCK_OFFSET | TargetBlock=2026-03-25T09:15:00+05:30 | TargetRun=2026-03-25T09:20:00+05:30 | TargetEnd=2026-03-25T09:30:00+05:30 | TargetEndWithTolerance=2026-03-25T09:31:00+05:30
2026-03-25 09:20:00,017 | INFO | Executing pipeline for block 2026-03-25T09:15
2026-03-25 09:20:11,940 | INFO | Pipeline completed for block 2026-03-25T09:15 | site=GSNP
2026-03-25 09:20:11,941 | INFO | All site runs completed for block 2026-03-25T09:15
2026-03-25 09:20:11,941 | INFO | Execution ended | Now=2026-03-25T09:20:11.941782+05:30 | BlockEnd=2026-03-25T09:30:00+05:30 | BlockEndWithTolerance=2026-03-25T09:31:00+05:30
2026-03-25 09:20:11,942 | INFO | Returning to runner loop
2026-03-25 10:08:00,193 | INFO | Now=2026-03-25T10:08:00.119127+05:30 | CurrentBlock=2026-03-25T10:00:00+05:30 | OffsetDeadline=2026-03-25T10:05:00+05:30 | Decision=WAIT_NEXT_BLOCK_OFFSET | TargetBlock=2026-03-25T10:15:00+05:30 | TargetRun=2026-03-25T10:20:00+05:30 | TargetEnd=2026-03-25T10:30:00+05:30 | TargetEndWithTolerance=2026-03-25T10:31:00+05:30
2026-03-25 10:20:00,054 | INFO | Executing pipeline for block 2026-03-25T10:15
2026-03-25 10:20:08,905 | INFO | Pipeline completed for block 2026-03-25T10:15 | site=GSNP
2026-03-25 10:20:08,906 | INFO | All site runs completed for block 2026-03-25T10:15
2026-03-25 10:20:08,906 | INFO | Execution ended | Now=2026-03-25T10:20:08.906660+05:30 | BlockEnd=2026-03-25T10:30:00+05:30 | BlockEndWithTolerance=2026-03-25T10:31:00+05:30
2026-03-25 10:20:08,907 | INFO | Returning to runner loop
2026-03-25 10:35:00,060 | INFO | Within tolerance window (now=2026-03-25T10:35:00.010883+05:30, offset_deadline=2026-03-25T10:35:00+05:30, tolerance=1 min, current_block=2026-03-25T10:30:00+05:30, target_block=2026-03-25T10:30:00+05:30); running current block
2026-03-25 10:35:00,084 | INFO | Now=2026-03-25T10:35:00.010883+05:30 | CurrentBlock=2026-03-25T10:30:00+05:30 | OffsetDeadline=2026-03-25T10:35:00+05:30 | Decision=WAIT_CURRENT_BLOCK_OFFSET | TargetBlock=2026-03-25T10:30:00+05:30 | TargetRun=2026-03-25T10:35:00+05:30 | TargetEnd=2026-03-25T10:45:00+05:30 | TargetEndWithTolerance=2026-03-25T10:46:00+05:30
2026-03-25 10:35:00,085 | INFO | Executing pipeline for block 2026-03-25T10:30
2026-03-25 10:35:09,475 | INFO | Pipeline completed for block 2026-03-25T10:30 | site=GSNP
2026-03-25 10:35:09,476 | INFO | All site runs completed for block 2026-03-25T10:30
2026-03-25 10:35:09,477 | INFO | Execution ended | Now=2026-03-25T10:35:09.477028+05:30 | BlockEnd=2026-03-25T10:45:00+05:30 | BlockEndWithTolerance=2026-03-25T10:46:00+05:30
2026-03-25 10:35:09,477 | INFO | Returning to runner loop
2026-03-25 10:50:00,068 | INFO | Within tolerance window (now=2026-03-25T10:50:00.008165+05:30, offset_deadline=2026-03-25T10:50:00+05:30, tolerance=1 min, current_block=2026-03-25T10:45:00+05:30, target_block=2026-03-25T10:45:00+05:30); running current block
2026-03-25 10:50:00,093 | INFO | Now=2026-03-25T10:50:00.008165+05:30 | CurrentBlock=2026-03-25T10:45:00+05:30 | OffsetDeadline=2026-03-25T10:50:00+05:30 | Decision=WAIT_CURRENT_BLOCK_OFFSET | TargetBlock=2026-03-25T10:45:00+05:30 | TargetRun=2026-03-25T10:50:00+05:30 | TargetEnd=2026-03-25T11:00:00+05:30 | TargetEndWithTolerance=2026-03-25T11:01:00+05:30
2026-03-25 10:50:00,095 | INFO | Executing pipeline for block 2026-03-25T10:45
2026-03-25 10:50:07,042 | INFO | Pipeline completed for block 2026-03-25T10:45 | site=GSNP
2026-03-25 10:50:07,043 | INFO | All site runs completed for block 2026-03-25T10:45
2026-03-25 10:50:07,043 | INFO | Execution ended | Now=2026-03-25T10:50:07.043686+05:30 | BlockEnd=2026-03-25T11:00:00+05:30 | BlockEndWithTolerance=2026-03-25T11:01:00+05:30
2026-03-25 10:50:07,044 | INFO | Returning to runner loop
2026-03-25 11:40:40,197 | INFO | Now=2026-03-25T11:40:40.149064+05:30 | CurrentBlock=2026-03-25T11:30:00+05:30 | OffsetDeadline=2026-03-25T11:35:00+05:30 | Decision=WAIT_NEXT_BLOCK_OFFSET | TargetBlock=2026-03-25T11:45:00+05:30 | TargetRun=2026-03-25T11:50:00+05:30 | TargetEnd=2026-03-25T12:00:00+05:30 | TargetEndWithTolerance=2026-03-25T12:01:00+05:30
2026-03-25 11:50:00,045 | INFO | Executing pipeline for block 2026-03-25T11:45
2026-03-25 11:50:11,586 | INFO | Pipeline completed for block 2026-03-25T11:45 | site=GSNP
2026-03-25 11:50:11,591 | INFO | All site runs completed for block 2026-03-25T11:45
2026-03-25 11:50:11,593 | INFO | Execution ended | Now=2026-03-25T11:50:11.593719+05:30 | BlockEnd=2026-03-25T12:00:00+05:30 | BlockEndWithTolerance=2026-03-25T12:01:00+05:30
2026-03-25 11:50:11,598 | INFO | Returning to runner loop
2026-03-25 12:07:09,547 | INFO | Now=2026-03-25T12:07:09.297774+05:30 | CurrentBlock=2026-03-25T12:00:00+05:30 | OffsetDeadline=2026-03-25T12:05:00+05:30 | Decision=WAIT_NEXT_BLOCK_OFFSET | TargetBlock=2026-03-25T12:15:00+05:30 | TargetRun=2026-03-25T12:20:00+05:30 | TargetEnd=2026-03-25T12:30:00+05:30 | TargetEndWithTolerance=2026-03-25T12:31:00+05:30
