2026-03-13 07:46:51,284 | INFO | ===== CONTINUOUS 15-MIN SCHEDULER STARTED =====
2026-03-13 07:46:51,285 | INFO | Config | block=15 min, offset=5 min, tolerance=1 min, tz=Asia/Kolkata
2026-03-13 07:46:51,286 | INFO | Now=2026-03-13T07:46:51.285633+05:30 | CurrentBlock=2026-03-13T07:45:00+05:30 | OffsetDeadline=2026-03-13T07:50:00+05:30 | Decision=WAIT_CURRENT_BLOCK_OFFSET | TargetBlock=2026-03-13T07:45:00+05:30 | TargetRun=2026-03-13T07:50:00+05:30 | TargetEnd=2026-03-13T08:00:00+05:30 | TargetEndWithTolerance=2026-03-13T08:01:00+05:30
2026-03-13 07:50:00,000 | INFO | Executing pipeline for block 2026-03-13T07:45
2026-03-13 07:50:08,874 | INFO | Pipeline completed for block 2026-03-13T07:45
2026-03-13 07:50:08,883 | INFO | Execution ended | Now=2026-03-13T07:50:08.882934+05:30 | BlockEnd=2026-03-13T08:00:00+05:30 | BlockEndWithTolerance=2026-03-13T08:01:00+05:30
2026-03-13 07:50:08,883 | INFO | Returning to runner loop
2026-03-13 08:05:00,078 | INFO | Within tolerance window (now=2026-03-13T08:05:00.002614+05:30, offset_deadline=2026-03-13T08:05:00+05:30, tolerance=1 min, current_block=2026-03-13T08:00:00+05:30, target_block=2026-03-13T08:00:00+05:30); running current block
2026-03-13 08:05:00,097 | INFO | Now=2026-03-13T08:05:00.002614+05:30 | CurrentBlock=2026-03-13T08:00:00+05:30 | OffsetDeadline=2026-03-13T08:05:00+05:30 | Decision=WAIT_CURRENT_BLOCK_OFFSET | TargetBlock=2026-03-13T08:00:00+05:30 | TargetRun=2026-03-13T08:05:00+05:30 | TargetEnd=2026-03-13T08:15:00+05:30 | TargetEndWithTolerance=2026-03-13T08:16:00+05:30
2026-03-13 08:05:00,098 | INFO | Executing pipeline for block 2026-03-13T08:00
2026-03-13 08:05:09,541 | INFO | Pipeline completed for block 2026-03-13T08:00
2026-03-13 08:05:09,541 | INFO | Execution ended | Now=2026-03-13T08:05:09.541814+05:30 | BlockEnd=2026-03-13T08:15:00+05:30 | BlockEndWithTolerance=2026-03-13T08:16:00+05:30
2026-03-13 08:05:09,542 | INFO | Returning to runner loop
2026-03-13 08:20:00,004 | INFO | Within tolerance window (now=2026-03-13T08:20:00.000932+05:30, offset_deadline=2026-03-13T08:20:00+05:30, tolerance=1 min, current_block=2026-03-13T08:15:00+05:30, target_block=2026-03-13T08:15:00+05:30); running current block
2026-03-13 08:20:00,006 | INFO | Now=2026-03-13T08:20:00.000932+05:30 | CurrentBlock=2026-03-13T08:15:00+05:30 | OffsetDeadline=2026-03-13T08:20:00+05:30 | Decision=WAIT_CURRENT_BLOCK_OFFSET | TargetBlock=2026-03-13T08:15:00+05:30 | TargetRun=2026-03-13T08:20:00+05:30 | TargetEnd=2026-03-13T08:30:00+05:30 | TargetEndWithTolerance=2026-03-13T08:31:00+05:30
2026-03-13 08:20:00,006 | INFO | Executing pipeline for block 2026-03-13T08:15
2026-03-13 08:20:06,620 | INFO | Pipeline completed for block 2026-03-13T08:15
2026-03-13 08:20:06,620 | INFO | Execution ended | Now=2026-03-13T08:20:06.620692+05:30 | BlockEnd=2026-03-13T08:30:00+05:30 | BlockEndWithTolerance=2026-03-13T08:31:00+05:30
2026-03-13 08:20:06,621 | INFO | Returning to runner loop
2026-03-13 08:35:00,002 | INFO | Within tolerance window (now=2026-03-13T08:35:00.000807+05:30, offset_deadline=2026-03-13T08:35:00+05:30, tolerance=1 min, current_block=2026-03-13T08:30:00+05:30, target_block=2026-03-13T08:30:00+05:30); running current block
2026-03-13 08:35:00,005 | INFO | Now=2026-03-13T08:35:00.000807+05:30 | CurrentBlock=2026-03-13T08:30:00+05:30 | OffsetDeadline=2026-03-13T08:35:00+05:30 | Decision=WAIT_CURRENT_BLOCK_OFFSET | TargetBlock=2026-03-13T08:30:00+05:30 | TargetRun=2026-03-13T08:35:00+05:30 | TargetEnd=2026-03-13T08:45:00+05:30 | TargetEndWithTolerance=2026-03-13T08:46:00+05:30
2026-03-13 08:35:00,006 | INFO | Executing pipeline for block 2026-03-13T08:30
2026-03-13 08:35:05,796 | INFO | Pipeline completed for block 2026-03-13T08:30
2026-03-13 08:35:05,797 | INFO | Execution ended | Now=2026-03-13T08:35:05.797476+05:30 | BlockEnd=2026-03-13T08:45:00+05:30 | BlockEndWithTolerance=2026-03-13T08:46:00+05:30
2026-03-13 08:35:05,797 | INFO | Returning to runner loop
2026-03-13 08:50:00,155 | INFO | Within tolerance window (now=2026-03-13T08:50:00.011696+05:30, offset_deadline=2026-03-13T08:50:00+05:30, tolerance=1 min, current_block=2026-03-13T08:45:00+05:30, target_block=2026-03-13T08:45:00+05:30); running current block
2026-03-13 08:50:00,237 | INFO | Now=2026-03-13T08:50:00.011696+05:30 | CurrentBlock=2026-03-13T08:45:00+05:30 | OffsetDeadline=2026-03-13T08:50:00+05:30 | Decision=WAIT_CURRENT_BLOCK_OFFSET | TargetBlock=2026-03-13T08:45:00+05:30 | TargetRun=2026-03-13T08:50:00+05:30 | TargetEnd=2026-03-13T09:00:00+05:30 | TargetEndWithTolerance=2026-03-13T09:01:00+05:30
2026-03-13 08:50:00,239 | INFO | Executing pipeline for block 2026-03-13T08:45
2026-03-13 08:50:15,164 | INFO | Pipeline completed for block 2026-03-13T08:45
2026-03-13 08:50:15,164 | INFO | Execution ended | Now=2026-03-13T08:50:15.164506+05:30 | BlockEnd=2026-03-13T09:00:00+05:30 | BlockEndWithTolerance=2026-03-13T09:01:00+05:30
2026-03-13 08:50:15,164 | INFO | Returning to runner loop
2026-03-13 09:05:00,076 | INFO | Within tolerance window (now=2026-03-13T09:05:00.001772+05:30, offset_deadline=2026-03-13T09:05:00+05:30, tolerance=1 min, current_block=2026-03-13T09:00:00+05:30, target_block=2026-03-13T09:00:00+05:30); running current block
2026-03-13 09:05:00,111 | INFO | Now=2026-03-13T09:05:00.001772+05:30 | CurrentBlock=2026-03-13T09:00:00+05:30 | OffsetDeadline=2026-03-13T09:05:00+05:30 | Decision=WAIT_CURRENT_BLOCK_OFFSET | TargetBlock=2026-03-13T09:00:00+05:30 | TargetRun=2026-03-13T09:05:00+05:30 | TargetEnd=2026-03-13T09:15:00+05:30 | TargetEndWithTolerance=2026-03-13T09:16:00+05:30
2026-03-13 09:05:00,112 | INFO | Executing pipeline for block 2026-03-13T09:00
2026-03-13 09:05:08,434 | INFO | Pipeline completed for block 2026-03-13T09:00
2026-03-13 09:05:08,435 | INFO | Execution ended | Now=2026-03-13T09:05:08.434911+05:30 | BlockEnd=2026-03-13T09:15:00+05:30 | BlockEndWithTolerance=2026-03-13T09:16:00+05:30
2026-03-13 09:05:08,435 | INFO | Returning to runner loop
2026-03-13 09:20:00,004 | INFO | Within tolerance window (now=2026-03-13T09:20:00.000560+05:30, offset_deadline=2026-03-13T09:20:00+05:30, tolerance=1 min, current_block=2026-03-13T09:15:00+05:30, target_block=2026-03-13T09:15:00+05:30); running current block
2026-03-13 09:20:00,006 | INFO | Now=2026-03-13T09:20:00.000560+05:30 | CurrentBlock=2026-03-13T09:15:00+05:30 | OffsetDeadline=2026-03-13T09:20:00+05:30 | Decision=WAIT_CURRENT_BLOCK_OFFSET | TargetBlock=2026-03-13T09:15:00+05:30 | TargetRun=2026-03-13T09:20:00+05:30 | TargetEnd=2026-03-13T09:30:00+05:30 | TargetEndWithTolerance=2026-03-13T09:31:00+05:30
2026-03-13 09:20:00,008 | INFO | Executing pipeline for block 2026-03-13T09:15
2026-03-13 09:20:07,509 | INFO | Pipeline completed for block 2026-03-13T09:15
2026-03-13 09:20:07,511 | INFO | Execution ended | Now=2026-03-13T09:20:07.510100+05:30 | BlockEnd=2026-03-13T09:30:00+05:30 | BlockEndWithTolerance=2026-03-13T09:31:00+05:30
2026-03-13 09:20:07,512 | INFO | Returning to runner loop
2026-03-13 10:04:51,640 | INFO | Now=2026-03-13T10:04:51.637590+05:30 | CurrentBlock=2026-03-13T10:00:00+05:30 | OffsetDeadline=2026-03-13T10:05:00+05:30 | Decision=WAIT_CURRENT_BLOCK_OFFSET | TargetBlock=2026-03-13T10:00:00+05:30 | TargetRun=2026-03-13T10:05:00+05:30 | TargetEnd=2026-03-13T10:15:00+05:30 | TargetEndWithTolerance=2026-03-13T10:16:00+05:30
2026-03-13 10:05:00,004 | INFO | Executing pipeline for block 2026-03-13T10:00
2026-03-13 10:05:22,747 | INFO | Pipeline completed for block 2026-03-13T10:00
2026-03-13 10:05:22,748 | INFO | Execution ended | Now=2026-03-13T10:05:22.748802+05:30 | BlockEnd=2026-03-13T10:15:00+05:30 | BlockEndWithTolerance=2026-03-13T10:16:00+05:30
2026-03-13 10:05:22,749 | INFO | Returning to runner loop
2026-03-13 10:20:00,114 | INFO | Within tolerance window (now=2026-03-13T10:20:00.032888+05:30, offset_deadline=2026-03-13T10:20:00+05:30, tolerance=1 min, current_block=2026-03-13T10:15:00+05:30, target_block=2026-03-13T10:15:00+05:30); running current block
2026-03-13 10:20:00,157 | INFO | Now=2026-03-13T10:20:00.032888+05:30 | CurrentBlock=2026-03-13T10:15:00+05:30 | OffsetDeadline=2026-03-13T10:20:00+05:30 | Decision=WAIT_CURRENT_BLOCK_OFFSET | TargetBlock=2026-03-13T10:15:00+05:30 | TargetRun=2026-03-13T10:20:00+05:30 | TargetEnd=2026-03-13T10:30:00+05:30 | TargetEndWithTolerance=2026-03-13T10:31:00+05:30
2026-03-13 10:20:00,158 | INFO | Executing pipeline for block 2026-03-13T10:15
2026-03-13 10:20:07,075 | INFO | Pipeline completed for block 2026-03-13T10:15
2026-03-13 10:20:07,076 | INFO | Execution ended | Now=2026-03-13T10:20:07.076354+05:30 | BlockEnd=2026-03-13T10:30:00+05:30 | BlockEndWithTolerance=2026-03-13T10:31:00+05:30
2026-03-13 10:20:07,076 | INFO | Returning to runner loop
2026-03-13 10:35:00,018 | INFO | Within tolerance window (now=2026-03-13T10:35:00.004065+05:30, offset_deadline=2026-03-13T10:35:00+05:30, tolerance=1 min, current_block=2026-03-13T10:30:00+05:30, target_block=2026-03-13T10:30:00+05:30); running current block
2026-03-13 10:35:00,025 | INFO | Now=2026-03-13T10:35:00.004065+05:30 | CurrentBlock=2026-03-13T10:30:00+05:30 | OffsetDeadline=2026-03-13T10:35:00+05:30 | Decision=WAIT_CURRENT_BLOCK_OFFSET | TargetBlock=2026-03-13T10:30:00+05:30 | TargetRun=2026-03-13T10:35:00+05:30 | TargetEnd=2026-03-13T10:45:00+05:30 | TargetEndWithTolerance=2026-03-13T10:46:00+05:30
2026-03-13 10:35:00,026 | INFO | Executing pipeline for block 2026-03-13T10:30
2026-03-13 10:35:07,111 | INFO | Pipeline completed for block 2026-03-13T10:30
2026-03-13 10:35:07,111 | INFO | Execution ended | Now=2026-03-13T10:35:07.111593+05:30 | BlockEnd=2026-03-13T10:45:00+05:30 | BlockEndWithTolerance=2026-03-13T10:46:00+05:30
2026-03-13 10:35:07,111 | INFO | Returning to runner loop
