2026-03-25 07:52:28,326 | INFO | ===== CONTINUOUS 15-MIN SCHEDULER STARTED =====
2026-03-25 07:52:28,326 | INFO | Config | block=15 min, offset=5 min, tolerance=1 min, tz=Asia/Kolkata
2026-03-25 07:52:28,327 | INFO | Sites configured for continuous run: SIRMOUR
2026-03-25 07:52:28,327 | INFO | Now=2026-03-25T07:52:28.327465+05:30 | CurrentBlock=2026-03-25T07:45:00+05:30 | OffsetDeadline=2026-03-25T07:50:00+05:30 | Decision=WAIT_NEXT_BLOCK_OFFSET | TargetBlock=2026-03-25T08:00:00+05:30 | TargetRun=2026-03-25T08:05:00+05:30 | TargetEnd=2026-03-25T08:15:00+05:30 | TargetEndWithTolerance=2026-03-25T08:16:00+05:30
2026-03-25 08:05:00,002 | INFO | Executing pipeline for block 2026-03-25T08:00
2026-03-25 08:05:31,037 | INFO | Pipeline completed for block 2026-03-25T08:00 | site=SIRMOUR
2026-03-25 08:05:31,039 | INFO | All site runs completed for block 2026-03-25T08:00
2026-03-25 08:05:31,039 | INFO | Execution ended | Now=2026-03-25T08:05:31.039836+05:30 | BlockEnd=2026-03-25T08:15:00+05:30 | BlockEndWithTolerance=2026-03-25T08:16:00+05:30
2026-03-25 08:05:31,040 | INFO | Returning to runner loop
2026-03-25 08:20:00,005 | INFO | Within tolerance window (now=2026-03-25T08:20:00.000581+05:30, offset_deadline=2026-03-25T08:20:00+05:30, tolerance=1 min, current_block=2026-03-25T08:15:00+05:30, target_block=2026-03-25T08:15:00+05:30); running current block
2026-03-25 08:20:00,007 | INFO | Now=2026-03-25T08:20:00.000581+05:30 | CurrentBlock=2026-03-25T08:15:00+05:30 | OffsetDeadline=2026-03-25T08:20:00+05:30 | Decision=WAIT_CURRENT_BLOCK_OFFSET | TargetBlock=2026-03-25T08:15:00+05:30 | TargetRun=2026-03-25T08:20:00+05:30 | TargetEnd=2026-03-25T08:30:00+05:30 | TargetEndWithTolerance=2026-03-25T08:31:00+05:30
2026-03-25 08:20:00,008 | INFO | Executing pipeline for block 2026-03-25T08:15
2026-03-25 08:20:13,140 | INFO | Pipeline completed for block 2026-03-25T08:15 | site=SIRMOUR
2026-03-25 08:20:13,140 | INFO | All site runs completed for block 2026-03-25T08:15
2026-03-25 08:20:13,141 | INFO | Execution ended | Now=2026-03-25T08:20:13.141142+05:30 | BlockEnd=2026-03-25T08:30:00+05:30 | BlockEndWithTolerance=2026-03-25T08:31:00+05:30
2026-03-25 08:20:13,141 | INFO | Returning to runner loop
2026-03-25 08:35:00,089 | INFO | Within tolerance window (now=2026-03-25T08:35:00.009709+05:30, offset_deadline=2026-03-25T08:35:00+05:30, tolerance=1 min, current_block=2026-03-25T08:30:00+05:30, target_block=2026-03-25T08:30:00+05:30); running current block
2026-03-25 08:35:00,114 | INFO | Now=2026-03-25T08:35:00.009709+05:30 | CurrentBlock=2026-03-25T08:30:00+05:30 | OffsetDeadline=2026-03-25T08:35:00+05:30 | Decision=WAIT_CURRENT_BLOCK_OFFSET | TargetBlock=2026-03-25T08:30:00+05:30 | TargetRun=2026-03-25T08:35:00+05:30 | TargetEnd=2026-03-25T08:45:00+05:30 | TargetEndWithTolerance=2026-03-25T08:46:00+05:30
2026-03-25 08:35:00,117 | INFO | Executing pipeline for block 2026-03-25T08:30
2026-03-25 08:35:14,913 | INFO | Pipeline completed for block 2026-03-25T08:30 | site=SIRMOUR
2026-03-25 08:35:14,913 | INFO | All site runs completed for block 2026-03-25T08:30
2026-03-25 08:35:14,914 | INFO | Execution ended | Now=2026-03-25T08:35:14.914811+05:30 | BlockEnd=2026-03-25T08:45:00+05:30 | BlockEndWithTolerance=2026-03-25T08:46:00+05:30
2026-03-25 08:35:14,917 | INFO | Returning to runner loop
2026-03-25 08:50:00,003 | INFO | Within tolerance window (now=2026-03-25T08:50:00.000654+05:30, offset_deadline=2026-03-25T08:50:00+05:30, tolerance=1 min, current_block=2026-03-25T08:45:00+05:30, target_block=2026-03-25T08:45:00+05:30); running current block
2026-03-25 08:50:00,004 | INFO | Now=2026-03-25T08:50:00.000654+05:30 | CurrentBlock=2026-03-25T08:45:00+05:30 | OffsetDeadline=2026-03-25T08:50:00+05:30 | Decision=WAIT_CURRENT_BLOCK_OFFSET | TargetBlock=2026-03-25T08:45:00+05:30 | TargetRun=2026-03-25T08:50:00+05:30 | TargetEnd=2026-03-25T09:00:00+05:30 | TargetEndWithTolerance=2026-03-25T09:01:00+05:30
2026-03-25 08:50:00,004 | INFO | Executing pipeline for block 2026-03-25T08:45
2026-03-25 08:50:14,555 | INFO | Pipeline completed for block 2026-03-25T08:45 | site=SIRMOUR
2026-03-25 08:50:14,556 | INFO | All site runs completed for block 2026-03-25T08:45
2026-03-25 08:50:14,557 | INFO | Execution ended | Now=2026-03-25T08:50:14.557032+05:30 | BlockEnd=2026-03-25T09:00:00+05:30 | BlockEndWithTolerance=2026-03-25T09:01:00+05:30
2026-03-25 08:50:14,558 | INFO | Returning to runner loop
2026-03-25 09:05:00,012 | INFO | Within tolerance window (now=2026-03-25T09:05:00.000516+05:30, offset_deadline=2026-03-25T09:05:00+05:30, tolerance=1 min, current_block=2026-03-25T09:00:00+05:30, target_block=2026-03-25T09:00:00+05:30); running current block
2026-03-25 09:05:00,014 | INFO | Now=2026-03-25T09:05:00.000516+05:30 | CurrentBlock=2026-03-25T09:00:00+05:30 | OffsetDeadline=2026-03-25T09:05:00+05:30 | Decision=WAIT_CURRENT_BLOCK_OFFSET | TargetBlock=2026-03-25T09:00:00+05:30 | TargetRun=2026-03-25T09:05:00+05:30 | TargetEnd=2026-03-25T09:15:00+05:30 | TargetEndWithTolerance=2026-03-25T09:16:00+05:30
2026-03-25 09:05:00,019 | INFO | Executing pipeline for block 2026-03-25T09:00
2026-03-25 09:05:15,090 | INFO | Pipeline completed for block 2026-03-25T09:00 | site=SIRMOUR
2026-03-25 09:05:15,090 | INFO | All site runs completed for block 2026-03-25T09:00
2026-03-25 09:05:15,091 | INFO | Execution ended | Now=2026-03-25T09:05:15.091448+05:30 | BlockEnd=2026-03-25T09:15:00+05:30 | BlockEndWithTolerance=2026-03-25T09:16:00+05:30
2026-03-25 09:05:15,091 | INFO | Returning to runner loop
2026-03-25 09:20:00,012 | INFO | Within tolerance window (now=2026-03-25T09:20:00.001096+05:30, offset_deadline=2026-03-25T09:20:00+05:30, tolerance=1 min, current_block=2026-03-25T09:15:00+05:30, target_block=2026-03-25T09:15:00+05:30); running current block
2026-03-25 09:20:00,016 | INFO | Now=2026-03-25T09:20:00.001096+05:30 | CurrentBlock=2026-03-25T09:15:00+05:30 | OffsetDeadline=2026-03-25T09:20:00+05:30 | Decision=WAIT_CURRENT_BLOCK_OFFSET | TargetBlock=2026-03-25T09:15:00+05:30 | TargetRun=2026-03-25T09:20:00+05:30 | TargetEnd=2026-03-25T09:30:00+05:30 | TargetEndWithTolerance=2026-03-25T09:31:00+05:30
2026-03-25 09:20:00,019 | INFO | Executing pipeline for block 2026-03-25T09:15
2026-03-25 09:20:15,204 | INFO | Pipeline completed for block 2026-03-25T09:15 | site=SIRMOUR
2026-03-25 09:20:15,206 | INFO | All site runs completed for block 2026-03-25T09:15
2026-03-25 09:20:15,206 | INFO | Execution ended | Now=2026-03-25T09:20:15.206741+05:30 | BlockEnd=2026-03-25T09:30:00+05:30 | BlockEndWithTolerance=2026-03-25T09:31:00+05:30
2026-03-25 09:20:15,207 | INFO | Returning to runner loop
2026-03-25 10:08:00,237 | INFO | Now=2026-03-25T10:08:00.118862+05:30 | CurrentBlock=2026-03-25T10:00:00+05:30 | OffsetDeadline=2026-03-25T10:05:00+05:30 | Decision=WAIT_NEXT_BLOCK_OFFSET | TargetBlock=2026-03-25T10:15:00+05:30 | TargetRun=2026-03-25T10:20:00+05:30 | TargetEnd=2026-03-25T10:30:00+05:30 | TargetEndWithTolerance=2026-03-25T10:31:00+05:30
2026-03-25 10:20:00,054 | INFO | Executing pipeline for block 2026-03-25T10:15
2026-03-25 10:20:19,429 | INFO | Pipeline completed for block 2026-03-25T10:15 | site=SIRMOUR
2026-03-25 10:20:19,429 | INFO | All site runs completed for block 2026-03-25T10:15
2026-03-25 10:20:19,430 | INFO | Execution ended | Now=2026-03-25T10:20:19.430054+05:30 | BlockEnd=2026-03-25T10:30:00+05:30 | BlockEndWithTolerance=2026-03-25T10:31:00+05:30
2026-03-25 10:20:19,430 | INFO | Returning to runner loop
2026-03-25 10:35:00,059 | INFO | Within tolerance window (now=2026-03-25T10:35:00.010787+05:30, offset_deadline=2026-03-25T10:35:00+05:30, tolerance=1 min, current_block=2026-03-25T10:30:00+05:30, target_block=2026-03-25T10:30:00+05:30); running current block
2026-03-25 10:35:00,083 | INFO | Now=2026-03-25T10:35:00.010787+05:30 | CurrentBlock=2026-03-25T10:30:00+05:30 | OffsetDeadline=2026-03-25T10:35:00+05:30 | Decision=WAIT_CURRENT_BLOCK_OFFSET | TargetBlock=2026-03-25T10:30:00+05:30 | TargetRun=2026-03-25T10:35:00+05:30 | TargetEnd=2026-03-25T10:45:00+05:30 | TargetEndWithTolerance=2026-03-25T10:46:00+05:30
2026-03-25 10:35:00,085 | INFO | Executing pipeline for block 2026-03-25T10:30
2026-03-25 10:35:19,370 | INFO | Pipeline completed for block 2026-03-25T10:30 | site=SIRMOUR
2026-03-25 10:35:19,378 | INFO | All site runs completed for block 2026-03-25T10:30
2026-03-25 10:35:19,379 | INFO | Execution ended | Now=2026-03-25T10:35:19.379377+05:30 | BlockEnd=2026-03-25T10:45:00+05:30 | BlockEndWithTolerance=2026-03-25T10:46:00+05:30
2026-03-25 10:35:19,380 | INFO | Returning to runner loop
2026-03-25 10:50:00,068 | INFO | Within tolerance window (now=2026-03-25T10:50:00.007709+05:30, offset_deadline=2026-03-25T10:50:00+05:30, tolerance=1 min, current_block=2026-03-25T10:45:00+05:30, target_block=2026-03-25T10:45:00+05:30); running current block
2026-03-25 10:50:00,092 | INFO | Now=2026-03-25T10:50:00.007709+05:30 | CurrentBlock=2026-03-25T10:45:00+05:30 | OffsetDeadline=2026-03-25T10:50:00+05:30 | Decision=WAIT_CURRENT_BLOCK_OFFSET | TargetBlock=2026-03-25T10:45:00+05:30 | TargetRun=2026-03-25T10:50:00+05:30 | TargetEnd=2026-03-25T11:00:00+05:30 | TargetEndWithTolerance=2026-03-25T11:01:00+05:30
2026-03-25 10:50:00,094 | INFO | Executing pipeline for block 2026-03-25T10:45
2026-03-25 10:50:26,120 | INFO | Pipeline completed for block 2026-03-25T10:45 | site=SIRMOUR
2026-03-25 10:50:26,121 | INFO | All site runs completed for block 2026-03-25T10:45
2026-03-25 10:50:26,122 | INFO | Execution ended | Now=2026-03-25T10:50:26.122343+05:30 | BlockEnd=2026-03-25T11:00:00+05:30 | BlockEndWithTolerance=2026-03-25T11:01:00+05:30
2026-03-25 10:50:26,123 | INFO | Returning to runner loop
2026-03-25 11:40:40,213 | INFO | Now=2026-03-25T11:40:40.149006+05:30 | CurrentBlock=2026-03-25T11:30:00+05:30 | OffsetDeadline=2026-03-25T11:35:00+05:30 | Decision=WAIT_NEXT_BLOCK_OFFSET | TargetBlock=2026-03-25T11:45:00+05:30 | TargetRun=2026-03-25T11:50:00+05:30 | TargetEnd=2026-03-25T12:00:00+05:30 | TargetEndWithTolerance=2026-03-25T12:01:00+05:30
2026-03-25 11:50:00,044 | INFO | Executing pipeline for block 2026-03-25T11:45
2026-03-25 11:50:28,791 | INFO | Pipeline completed for block 2026-03-25T11:45 | site=SIRMOUR
2026-03-25 11:50:28,794 | INFO | All site runs completed for block 2026-03-25T11:45
2026-03-25 11:50:28,796 | INFO | Execution ended | Now=2026-03-25T11:50:28.795659+05:30 | BlockEnd=2026-03-25T12:00:00+05:30 | BlockEndWithTolerance=2026-03-25T12:01:00+05:30
2026-03-25 11:50:28,797 | INFO | Returning to runner loop
2026-03-25 12:07:09,552 | INFO | Now=2026-03-25T12:07:09.319093+05:30 | CurrentBlock=2026-03-25T12:00:00+05:30 | OffsetDeadline=2026-03-25T12:05:00+05:30 | Decision=WAIT_NEXT_BLOCK_OFFSET | TargetBlock=2026-03-25T12:15:00+05:30 | TargetRun=2026-03-25T12:20:00+05:30 | TargetEnd=2026-03-25T12:30:00+05:30 | TargetEndWithTolerance=2026-03-25T12:31:00+05:30
